=== LIVE SNAPSHOT #58 | 2026-07-22T10:13:25Z | task=prometheus-transactional-reload-status ===
--- KEY EVENTS (full logs, non-RESMON) ---
/tmp/gha_step_prometheus-transactional-reload-status.log:[DOCKERFILE SLIM] deepswe-bench/tasks/prometheus-transactional-reload-status/environment/Dockerfile -> FROM public.ecr.aws/d3j8x8q7/swe-bench-202605:kh7faaexjnnv9h4vt84e0r1v4d82qtv7 (use pre-built local image; skip the from-scratch env rebuild that OOM-hung env-start 900s)
/tmp/gha_step_prometheus-transactional-reload-status.log:[SLIM-VERIFY] rewritten Dockerfile is now:
/tmp/gha_step_prometheus-transactional-reload-status.log:[SLIM-VERIFY]   FROM public.ecr.aws/d3j8x8q7/swe-bench-202605:kh7faaexjnnv9h4vt84e0r1v4d82qtv7
/tmp/gha_step_prometheus-transactional-reload-status.log:[SLIM-VERIFY]   CMD ["/bin/bash"]
/tmp/gha_step_prometheus-transactional-reload-status.log:[gt-shim] installed in-place at: /bin/docker /tmp/docker-cli-cache/docker /usr/bin/docker + PATH(/tmp/gt-shim); real-suffix=.gtreal
/tmp/gha_step_prometheus-transactional-reload-status.log:[gt-shim] active; resolved=/tmp/gt-shim/docker
/tmp/gha_step_prometheus-transactional-reload-status.log:[ENV-START] attempt 1/3 — pier (bg) + container watcher (window=1800s)
/tmp/gha_step_prometheus-transactional-reload-status.log:[ENV-START] eval container UP on attempt 1 (~50s) — agent running, awaiting completion
--- mem trend (last 6) ---
[RESMON] 10:13:04 mem=5944/15989MB disk_used=100904/147719MB free=46800MB containers=2
[MEMDIAG] meminfo: MemTotal:=15989MB MemFree:=1133MB MemAvailable:=10030MB Cached:=7306MB AnonPages:=4794MB Mapped:=495MB Slab:=1523MB 
[RESMON] 10:13:12 mem=6318/15989MB disk_used=100904/147719MB free=46799MB containers=2
[MEMDIAG] meminfo: MemTotal:=15989MB MemFree:=767MB MemAvailable:=9664MB Cached:=7307MB AnonPages:=5164MB Mapped:=486MB Slab:=1523MB 
[RESMON] 10:13:20 mem=6311/15989MB disk_used=100967/147719MB free=46737MB containers=2
[MEMDIAG] meminfo: MemTotal:=15989MB MemFree:=702MB MemAvailable:=9660MB Cached:=7367MB AnonPages:=5193MB Mapped:=486MB Slab:=1523MB 
--- pier tail (last 15, non-RESMON) ---
[GT_META] graph_witness host_resolved_graph_db=/tmp/gt/graph.db hook_graph_db=/tmp/gt/graph.db hook_graph_hash=312d695c712731fa331552c2aba8f7bac9829ae4ca5f514117b84a3fd457f19c _gt_prebuilt_active=True | gt_artifacts=/tmp/gt; graph_db=/tmp/gt/graph.db; graph_hash=312d695c712731fa331552c2aba8f7bac9829ae4ca5f514117b84a3fd457f19c; graph_hash_after_lsp=312d695c712731fa331552c2aba8f7bac9829ae4ca5f514117b84a3fd457f19c; hook_graph_hash_matches_post_lsp=True; lsp_certificate=/tmp/gt/lsp_certificate.json; graph_certificate=/tmp/gt/graph_certificate.json; embedder_certificate=/tmp/gt/embedder_certificate.json; foundational_gate_report=/tmp/gt/foundational_gate_report.json; gt_prebuilt_active=true; runtime_strategy=unified_substrate; l6_fresh=1; substrate_digest=ghcr.io/harneet2512/gt-substrate@sha256:576f49d44f227da3cdc7abcfd398ba44dab7ff9442c33021e2a3e18a256bd8b9
--- step tail (last 8) ---
[RESMON] 10:13:12 mem=6318/15989MB disk_used=100904/147719MB free=46799MB containers=2
[RESTOP] 1302MB:compile /usr/local/go/pkg/tool/linux_amd64/compile @/tmp/args616394447 | 514MB:compile /usr/local/go/pkg/tool/linux_amd64/compile -o /tmp/go-build210 | 420MB:compile /usr/local/go/pkg/tool/linux_amd64/compile -o /tmp/go-build392 | 410MB:dockerd /usr/bin/dockerd -H fd:// --containerd=/run/containerd/contain | 
[MEMDIAG] dockerd(2766): VmRSS:=419960kB RssAnon:=364436kB RssFile:=55524kB RssShmem:=0kB VmSwap:=0kB 
[MEMDIAG] meminfo: MemTotal:=15989MB MemFree:=767MB MemAvailable:=9664MB Cached:=7307MB AnonPages:=5164MB Mapped:=486MB Slab:=1523MB 
[RESMON] 10:13:20 mem=6311/15989MB disk_used=100967/147719MB free=46737MB containers=2
[RESTOP] 1326MB:compile /usr/local/go/pkg/tool/linux_amd64/compile @/tmp/args616394447 | 485MB:compile /usr/local/go/pkg/tool/linux_amd64/compile -o /tmp/go-build233 | 463MB:compile /usr/local/go/pkg/tool/linux_amd64/compile -o /tmp/go-build392 | 423MB:compile /usr/local/go/pkg/tool/linux_amd64/compile -o /tmp/go-build233 | 
[MEMDIAG] dockerd(2766): VmRSS:=422004kB RssAnon:=366476kB RssFile:=55528kB RssShmem:=0kB VmSwap:=0kB 
[MEMDIAG] meminfo: MemTotal:=15989MB MemFree:=702MB MemAvailable:=9660MB Cached:=7367MB AnonPages:=5193MB Mapped:=486MB Slab:=1523MB 
